
>>> matrix_divided = __import__("2-matrix_divided").matrix_divided

>>> matrix_divided([[1, 2, 3],[4, 5, 6]], 3)
[[0.33, 0.67, 1.0], [1.33, 1.67, 2.0]]

>>> matrix_divided([[1, 2, 3],[4, 5, 6]], 0)
Traceback (most recent call last):
...
ZeroDivisionError: division by zero

>>> matrix_divided([['a', 2, 'b'],[4, 5, 6]], 2)
Traceback (most recent call last):
...
TypeError: matrix must be a matrix (list of lists) of integers/floats

>>> matrix_divided([[1, 2],[4, 5, 6]], 1)
Traceback (most recent call last):
...
TypeError: Each row of the matrix must have the same size

>>> matrix_divided([[10, 20, 30], [40, 50, 60]], 5)
[[2.0, 4.0, 6.0], [8.0, 10.0, 12.0]]

>>> matrix_divided([[3.5, 2.5, 1.5], [4.5, 5.5, 6.5]], 1.5)
[[2.33, 1.67, 1.0], [3.0, 3.67, 4.33]]

>>> matrix_divided([[], []], 3)
[[], []]

>>> matrix_divided([[1.234, 2.345, 3.456], [4.567, 5.678, 6.789]], 2.5)
[[0.49, 0.94, 1.38], [1.83, 2.27, 2.72]]

>>> matrix_divided([[1000], [2000], [3000]], 100)
[[10.0], [20.0], [30.0]]

>>> matrix_divided([[3, "9"], [15, 3]] / 3)
Traceback (most recent call last):
...
TypeError: unsupported operand type(s) for /: 'list' and 'int'
